// Jest Snapshot v1, https://goo.gl/fbAQLP

exports[`FilteredControls should match snapshot 1`] = `
<section
  className="left-box"
>
  <article
    className="left-title"
  >
    Which prototype methods do you want to practice?
  </article>
  <p
    className="left-subtitle"
  >
    ...click on a method below and your card will display!
  </p>
  <article
    className="button-container"
  >
    <button
      className="button iteration "
      id="Iteration methods"
      name="iterator"
    >
      Iteration Methods
    </button>
    <button
      className="button mutator "
      id="Mutator methods"
      name="mutator"
    >
      Mutator Methods
    </button>
    <button
      className="button accessor "
      id="Accessor methods"
      name="accessor"
    >
      Accessor Methods
    </button>
  </article>
  <hr />
</section>
`;
